Building PoBabyTouchGc solution...